// Jest Snapshot v1, https://goo.gl/fbAQLP

exports[`Footer should renders without problem 1`] = `
<WithTheme(FooterWrapper)>
  <Button
    onClick={[MockFunction]}
  />
  <SeparateLine />
  <mockConstructor
    isFull={true}
  />
</WithTheme(FooterWrapper)>
`;
