// Jest Snapshot v1, https://goo.gl/fbAQLP

exports[`Header should render without problem 1`] = `
<WithTheme(HeaderWrapper)>
  <content
    isFull={true}
  />
</WithTheme(HeaderWrapper)>
`;
